// Jest Snapshot v1, https://goo.gl/fbAQLP

exports[`business list component unit tests should render 1`] = `
Array [
  <FlatList
    contentContainerStyle={
      Object {
        "paddingBottom": 70,
      }
    }
    data={Array []}
    disableVirtualization={false}
    horizontal={false}
    initialNumToRender={10}
    keyExtractor={[Function]}
    maxToRenderPerBatch={10}
    numColumns={1}
    onEndReachedThreshold={2}
    removeClippedSubviews={false}
    renderItem={[Function]}
    scrollEventThrottle={50}
    updateCellsBatchingPeriod={50}
    windowSize={21}
  />,
]
`;
